        ___
       __H__
 ___ ___[']_____ ___ ___  {1.8.4#stable}
|_ -| . [,]     | .'| . |
|___|_  [(]_|_|_|__,|  _|
      |_|V...       |_|   https://sqlmap.org

[!] legal disclaimer: Usage of sqlmap for attacking targets without prior mutual consent is illegal. It is the end user's responsibility to obey all applicable local, state and federal laws. Developers assume no liability and are not responsible for any misuse or damage caused by this program

[*] starting @ 22:13:45 /2026-05-06/

[?1049h[22;0;0t[1;24r(B[m[4l[?7h[24;1H[?1049l[23;0;0t[?1l>[22:13:45] [WARNING] using '/home/sidorov/projects/diplom/vaultdoc/tools/sqlmap/security-reports/sqlmap/20260506_221343/sqlmap-output' as the output directory
[22:13:45] [INFO] fetched random HTTP User-Agent header value 'Mozilla/4.0 (compatible; MSIE 5.0b1; Mac_PowerPC)' from file '/usr/share/sqlmap/data/txt/user-agents.txt'
[1/1] URL:
GET http://127.0.0.1:8080/api/audit/?limit=1
do you want to test this URL? [Y/n/q]
> Y
[22:13:45] [INFO] testing URL 'http://127.0.0.1:8080/api/audit/?limit=1'
[22:13:45] [INFO] flushing session file
[22:13:45] [INFO] using '/home/sidorov/projects/diplom/vaultdoc/tools/sqlmap/security-reports/sqlmap/20260506_221343/sqlmap-output/results-05062026_1013pm.csv' as the CSV results file in multiple targets mode
[22:13:45] [INFO] testing connection to the target URL
[22:13:45] [INFO] checking if the target is protected by some kind of WAF/IPS
[22:13:46] [INFO] testing if the target URL content is stable
[22:13:46] [INFO] target URL content is stable
[22:13:46] [WARNING] heuristic (basic) test shows that GET parameter 'limit' might not be injectable
[22:13:46] [INFO] testing for SQL injection on GET parameter 'limit'
[22:13:46] [INFO] testing 'AND boolean-based blind - WHERE or HAVING clause'
[22:13:46] [WARNING] reflective value(s) found and filtering out
[22:13:46] [INFO] testing 'AND boolean-based blind - WHERE or HAVING clause (subquery - comment)'
[22:13:46] [INFO] testing 'AND boolean-based blind - WHERE or HAVING clause (comment)'
[22:13:46] [INFO] testing 'Boolean-based blind - Parameter replace (original value)'
[22:13:46] [INFO] testing 'Boolean-based blind - Parameter replace (DUAL)'
[22:13:46] [INFO] testing 'Boolean-based blind - Parameter replace (CASE)'
[22:13:46] [INFO] testing 'Generic inline queries'
[22:13:46] [INFO] testing 'PostgreSQL AND boolean-based blind - WHERE or HAVING clause (CAST)'
[22:13:46] [INFO] testing 'PostgreSQL boolean-based blind - ORDER BY, GROUP BY clause'
[22:13:46] [INFO] testing 'PostgreSQL AND error-based - WHERE or HAVING clause'
[22:13:46] [INFO] testing 'PostgreSQL error-based - Parameter replace'
[22:13:46] [INFO] testing 'PostgreSQL inline queries'
[22:13:46] [INFO] testing 'PostgreSQL > 8.1 stacked queries (comment)'
[22:13:46] [INFO] testing 'PostgreSQL > 8.1 AND time-based blind'
it is recommended to perform only basic UNION tests if there is not at least one other (potential) technique found. Do you want to reduce the number of requests? [Y/n] Y
[22:13:47] [INFO] testing 'Generic UNION query (NULL) - 1 to 10 columns'
[22:13:47] [WARNING] GET parameter 'limit' does not seem to be injectable
[22:13:47] [ERROR] all tested parameters do not appear to be injectable. Try to increase values for '--level'/'--risk' options if you wish to perform more tests. If you suspect that there is some kind of protection mechanism involved (e.g. WAF) maybe you could try to use option '--tamper' (e.g. '--tamper=space2comment'), skipping to the next target
[22:13:47] [WARNING] HTTP error codes detected during run:
422 (Unprocessable Entity) - 32 times, 503 (Service Unavailable) - 108 times
[22:13:47] [INFO] you can find results of scanning in multiple targets mode inside the CSV file '/home/sidorov/projects/diplom/vaultdoc/tools/sqlmap/security-reports/sqlmap/20260506_221343/sqlmap-output/results-05062026_1013pm.csv'
[22:13:47] [WARNING] your sqlmap version is outdated

[*] ending @ 22:13:47 /2026-05-06/

